  view.c
C:\Users\61ngu\Downloads\src\include\view.c(60,20): warning C4244: 'initializing': conversion from 'float' to 'int', possible loss of data
C:\Users\61ngu\Downloads\src\include\view.c(61,20): warning C4244: 'initializing': conversion from 'float' to 'int', possible loss of data
C:\Users\61ngu\Downloads\src\include\view.c(73,52): warning C4244: 'initializing': conversion from 'int' to 'float', possible loss of data
C:\Users\61ngu\Downloads\src\include\view.c(73,71): warning C4244: 'initializing': conversion from 'int' to 'float', possible loss of data
C:\Users\61ngu\Downloads\src\include\view.c(86,52): warning C4244: 'initializing': conversion from 'int' to 'float', possible loss of data
C:\Users\61ngu\Downloads\src\include\view.c(104,52): warning C4244: 'initializing': conversion from 'int' to 'float', possible loss of data
C:\Users\61ngu\Downloads\src\include\view.c(121,52): warning C4244: 'initializing': conversion from 'int' to 'float', possible loss of data
C:\Users\61ngu\Downloads\src\include\view.c(127,50): warning C4244: 'function': conversion from 'float' to 'int', possible loss of data
C:\Users\61ngu\Downloads\src\include\view.c(127,71): warning C4244: 'function': conversion from 'float' to 'int', possible loss of data
C:\Users\61ngu\Downloads\src\include\view.c(130,44): warning C4244: 'function': conversion from 'float' to 'int', possible loss of data
C:\Users\61ngu\Downloads\src\include\view.c(130,66): warning C4244: 'function': conversion from 'float' to 'int', possible loss of data
C:\Users\61ngu\Downloads\src\include\view.c(132,66): warning C4244: 'function': conversion from 'float' to 'int', possible loss of data
C:\Users\61ngu\Downloads\src\include\view.c(132,87): warning C4244: 'function': conversion from 'float' to 'int', possible loss of data
C:\Users\61ngu\Downloads\src\include\view.c(142,52): warning C4244: 'initializing': conversion from 'int' to 'float', possible loss of data
C:\Users\61ngu\Downloads\src\include\view.c(154,53): warning C4244: 'function': conversion from 'int' to 'float', possible loss of data
C:\Users\61ngu\Downloads\src\include\view.c(158,56): warning C4244: 'initializing': conversion from 'int' to 'float', possible loss of data
C:\Users\61ngu\Downloads\src\include\view.c(173,69): warning C4013: 'Model_SaveExists' undefined; assuming extern returning int
C:\Users\61ngu\Downloads\src\include\view.c(174,56): warning C4244: 'initializing': conversion from 'int' to 'float', possible loss of data
C:\Users\61ngu\Downloads\src\include\view.c(177,56): warning C4244: 'initializing': conversion from 'int' to 'float', possible loss of data
C:\Users\61ngu\Downloads\src\include\view.c(183,56): warning C4244: 'initializing': conversion from 'int' to 'float', possible loss of data
C:\Users\61ngu\Downloads\src\include\view.c(183,63): warning C4244: 'initializing': conversion from 'int' to 'float', possible loss of data
C:\Users\61ngu\Downloads\src\include\view.c(187,60): warning C4244: 'initializing': conversion from 'int' to 'float', possible loss of data
C:\Users\61ngu\Downloads\src\include\view.c(187,74): warning C4244: 'initializing': conversion from 'int' to 'float', possible loss of data
C:\Users\61ngu\Downloads\src\include\view.c(244,56): warning C4244: 'initializing': conversion from 'int' to 'float', possible loss of data
C:\Users\61ngu\Downloads\src\include\view.c(244,75): warning C4244: 'initializing': conversion from 'int' to 'float', possible loss of data
C:\Users\61ngu\Downloads\src\include\view.c(273,63): warning C4244: 'function': conversion from 'int' to 'float', possible loss of data
C:\Users\61ngu\Downloads\src\include\view.c(312,60): warning C4244: 'initializing': conversion from 'int' to 'float', possible loss of data
C:\Users\61ngu\Downloads\src\include\view.c(81,32): warning C4244: 'initializing': conversion from 'int' to 'float', possible loss of data
C:\Users\61ngu\Downloads\src\include\view.c(81,41): warning C4244: 'initializing': conversion from 'int' to 'float', possible loss of data
C:\Users\61ngu\Downloads\src\include\view.c(88,43): warning C4244: 'initializing': conversion from 'int' to 'float', possible loss of data
C:\Users\61ngu\Downloads\src\include\view.c(89,51): warning C4244: 'initializing': conversion from 'int' to 'float', possible loss of data
C:\Users\61ngu\Downloads\src\include\view.c(90,47): warning C4244: 'initializing': conversion from 'int' to 'float', possible loss of data
C:\Users\61ngu\Downloads\src\include\view.c(91,43): warning C4244: 'initializing': conversion from 'int' to 'float', possible loss of data
C:\Users\61ngu\Downloads\src\include\view.c(106,42): warning C4244: 'initializing': conversion from 'int' to 'float', possible loss of data
C:\Users\61ngu\Downloads\src\include\view.c(107,42): warning C4244: 'initializing': conversion from 'int' to 'float', possible loss of data
C:\Users\61ngu\Downloads\src\include\view.c(108,47): warning C4244: 'initializing': conversion from 'int' to 'float', possible loss of data
C:\Users\61ngu\Downloads\src\include\view.c(123,50): warning C4244: 'initializing': conversion from 'int' to 'float', possible loss of data
C:\Users\61ngu\Downloads\src\include\view.c(124,50): warning C4244: 'initializing': conversion from 'int' to 'float', possible loss of data
C:\Users\61ngu\Downloads\src\include\view.c(125,51): warning C4244: 'initializing': conversion from 'int' to 'float', possible loss of data
C:\Users\61ngu\Downloads\src\include\view.c(147,42): warning C4244: 'initializing': conversion from 'int' to 'float', possible loss of data
C:\Users\61ngu\Downloads\src\include\view.c(192,52): warning C4244: 'initializing': conversion from 'int' to 'float', possible loss of data
C:\Users\61ngu\Downloads\src\include\view.c(192,66): warning C4244: 'initializing': conversion from 'int' to 'float', possible loss of data
C:\Users\61ngu\Downloads\src\include\view.c(202,43): warning C4244: 'initializing': conversion from 'int' to 'float', possible loss of data
C:\Users\61ngu\Downloads\src\include\view.c(217,44): warning C4244: 'initializing': conversion from 'int' to 'float', possible loss of data
C:\Users\61ngu\Downloads\src\include\view.c(217,56): warning C4244: 'initializing': conversion from 'int' to 'float', possible loss of data
C:\Users\61ngu\Downloads\src\include\view.c(221,44): warning C4244: 'initializing': conversion from 'int' to 'float', possible loss of data
C:\Users\61ngu\Downloads\src\include\view.c(221,56): warning C4244: 'initializing': conversion from 'int' to 'float', possible loss of data
C:\Users\61ngu\Downloads\src\include\view.c(227,48): warning C4244: 'initializing': conversion from 'int' to 'float', possible loss of data
C:\Users\61ngu\Downloads\src\include\view.c(227,76): warning C4244: 'initializing': conversion from 'int' to 'float', possible loss of data
C:\Users\61ngu\Downloads\src\include\view.c(238,52): warning C4244: 'initializing': conversion from 'int' to 'float', possible loss of data
C:\Users\61ngu\Downloads\src\include\view.c(238,93): warning C4244: 'initializing': conversion from 'int' to 'float', possible loss of data
C:\Users\61ngu\Downloads\src\include\view.c(246,56): warning C4244: 'initializing': conversion from 'int' to 'float', possible loss of data
C:\Users\61ngu\Downloads\src\include\view.c(246,75): warning C4244: 'initializing': conversion from 'int' to 'float', possible loss of data
C:\Users\61ngu\Downloads\src\include\view.c(247,52): warning C4244: 'initializing': conversion from 'int' to 'float', possible loss of data
C:\Users\61ngu\Downloads\src\include\view.c(247,71): warning C4244: 'initializing': conversion from 'int' to 'float', possible loss of data
C:\Users\61ngu\Downloads\src\include\view.c(248,52): warning C4244: 'initializing': conversion from 'int' to 'float', possible loss of data
C:\Users\61ngu\Downloads\src\include\view.c(248,71): warning C4244: 'initializing': conversion from 'int' to 'float', possible loss of data
C:\Users\61ngu\Downloads\src\include\view.c(249,52): warning C4244: 'initializing': conversion from 'int' to 'float', possible loss of data
C:\Users\61ngu\Downloads\src\include\view.c(249,71): warning C4244: 'initializing': conversion from 'int' to 'float', possible loss of data
C:\Users\61ngu\Downloads\src\include\view.c(315,54): warning C4244: 'initializing': conversion from 'int' to 'float', possible loss of data
C:\Users\61ngu\Downloads\src\include\view.c(315,73): warning C4244: 'initializing': conversion from 'int' to 'float', possible loss of data
C:\Users\61ngu\Downloads\src\include\view.c(316,49): warning C4244: 'initializing': conversion from 'int' to 'float', possible loss of data
C:\Users\61ngu\Downloads\src\include\view.c(316,68): warning C4244: 'initializing': conversion from 'int' to 'float', possible loss of data
C:\Users\61ngu\Downloads\src\include\view.c(317,49): warning C4244: 'initializing': conversion from 'int' to 'float', possible loss of data
C:\Users\61ngu\Downloads\src\include\view.c(317,68): warning C4244: 'initializing': conversion from 'int' to 'float', possible loss of data
  Generating code
  Finished generating code
  caroGame.vcxproj -> C:\Users\61ngu\Downloads\src\bin\Release\caroGame.exe
